Microchip MPLAB XC8 Compiler V2.45

Linker command line:

-W-3 \
  --edf=C:/Users/faizan/.mchp_packs/Microchip/PIC16Fxxx_DFP/1.6.156/xc8\pic\dat\20231012211500_en.msgs \
  -cn -h+dist/default/production\Microwave-oven.X.production.sym \
  --cmf=dist/default/production\Microwave-oven.X.production.cmf -z \
  -Q16F877A -oC:\Users\faizan\AppData\Local\Temp\xcAs98c.\driver_tmp_3.o \
  --defsym=__MPLAB_BUILD=1 --fixupoverflow=error \
  -Mdist/default/production/Microwave-oven.X.production.map \
  --md=C:\Users\faizan\AppData\Local\Temp\xcAs98c.\driver_tmp_0.dat -E1 \
  -ver=XC8 Compiler --acfsm=1493 -ACODE=00h-07FFhx4 -ASTRCODE=00h-01FFFh \
  -ASTRING=00h-0FFhx32 -ACONST=00h-0FFhx32 -AENTRY=00h-0FFhx32 \
  -ACOMMON=070h-07Fh -ABANK0=020h-06Fh -ABANK1=0A0h-0EFh \
  -ABANK2=0110h-016Fh -ABANK3=0190h-01EFh \
  -ARAM=020h-06Fh,0A0h-0EFh,0110h-016Fh,0190h-01EFh \
  -AABS1=020h-07Fh,0A0h-0EFh,0110h-016Fh,0190h-01EFh -ASFR0=00h-01Fh \
  -ASFR1=080h-09Fh -ASFR2=0100h-010Fh -ASFR3=0180h-018Fh \
  -ACONFIG=02007h-02007h -DCONFIG=2 -AIDLOC=02000h-02003h -DIDLOC=2 \
  -AEEDATA=00h-0FFh/02100h -peeprom_data=EEDATA -DEEDATA=2 -DCODE=2 \
  -DSTRCODE=2 -DSTRING=2 -DCONST=2 -DENTRY=2 \
  -preset_vec=00h,intentry=04h,init,end_init -ppowerup=CODE -pcinit=CODE \
  -pfunctab=ENTRY -k \
  C:\Users\faizan\AppData\Local\Temp\xcAs98c.\driver_tmp_12.o \
  dist/default/production\Microwave-oven.X.production.o 

Object code version is 3.11

Machine type is 16F877A



                Name                               Link     Load   Length Selector   Space Scale
C:\Users\faizan\AppData\Local\Temp\xcAs98c.\driver_tmp_12.o
                end_init                              C        C        3        8       0
                reset_vec                             0        0        3        0       0
                config                             2007     2007        1        0       4
dist/default/production\Microwave-oven.X.production.o
                cinit                                 F        F       25        8       0
                intentry                              4        4        8        8       0
                config                             2007     2007        1        0       4
                text20                              F08      F08       35     1E10       0
                text19                              4BB      4BB       36        8       0
                text18                              F98      F98       68     1F30       0
                text17                              E3D      E3D        B     1C7A       0
                text16                              E48      E48       10     1C90       0
                text15                              4F1      4F1        D        8       0
                text14                              E7E      E7E       1E     1CFC       0
                text13                              EE0      EE0       28     1DC0       0
                text12                              E9C      E9C       21     1D38       0
                text11                              7EC      7EC       13      BDC       0
                text10                              781      781       6B      BDC       0
                text9                               6C1      6C1       C0      BDC       0
                text8                               EBD      EBD       23     1D7A       0
                text7                               452      452       69        8       0
                text6                               F3D      F3D       5B     1E7A       0
                text5                               E69      E69       15     1CD2       0
                text4                               E58      E58       11     1CB0       0
                text3                               2FD      2FD      155        8       0
                text2                                34       34      172        8       0
                text1                               5EE      5EE       D3      BDC       0
                maintext                            1A6      1A6      157        8       0
                cstackBANK0                          20       20       19       20       1
                cstackCOMMON                         70       70        9       70       1
                dataBANK0                            46       46        2       20       1
                bssBANK0                             39       39        D       20       1
                dataCOMMON                           7B       7B        1       70       1
                bssCOMMON                            79       79        2       70       1
                strings                             500      500       EE      A00       0
                idataBANK0                          4FE      4FE        2        8       0
                idataCOMMON                         7FF      7FF        1      BDC       0

TOTAL           Name                               Link     Load   Length     Space
        CLASS   CODE           
                end_init                              C        C        3         0
                cinit                                 F        F       25         0
                intentry                              4        4        8         0
                reset_vec                             0        0        3         0
                text20                              F08      F08       35         0
                text19                              4BB      4BB       36         0
                text18                              F98      F98       68         0
                text17                              E3D      E3D        B         0
                text16                              E48      E48       10         0
                text15                              4F1      4F1        D         0
                text14                              E7E      E7E       1E         0
                text13                              EE0      EE0       28         0
                text12                              E9C      E9C       21         0
                text11                              7EC      7EC       13         0
                text10                              781      781       6B         0
                text9                               6C1      6C1       C0         0
                text8                               EBD      EBD       23         0
                text7                               452      452       69         0
                text6                               F3D      F3D       5B         0
                text5                               E69      E69       15         0
                text4                               E58      E58       11         0
                text3                               2FD      2FD      155         0
                text2                                34       34      172         0
                text1                               5EE      5EE       D3         0
                maintext                            1A6      1A6      157         0
                idataBANK0                          4FE      4FE        2         0
                idataCOMMON                         7FF      7FF        1         0

        CLASS   STRCODE        

        CLASS   STRING         
                strings                             500      500       EE         0

        CLASS   CONST          

        CLASS   ENTRY          

        CLASS   COMMON         
                cstackCOMMON                         70       70        9         1
                dataCOMMON                           7B       7B        1         1
                bssCOMMON                            79       79        2         1

        CLASS   BANK0          
                cstackBANK0                          20       20       19         1
                dataBANK0                            46       46        2         1
                bssBANK0                             39       39        D         1

        CLASS   BANK1          

        CLASS   BANK2          

        CLASS   BANK3          

        CLASS   RAM            

        CLASS   ABS1           
                abs_s1                               7E       7E        2         1

        CLASS   SFR0           

        CLASS   SFR1           

        CLASS   SFR2           

        CLASS   SFR3           

        CLASS   CONFIG         
                config                             2007     2007        1         4

        CLASS   IDLOC          

        CLASS   EEDATA         

        CLASS   HEAP           

        CLASS   STACK          



SEGMENTS        Name                           Load    Length   Top    Selector   Space  Class     Delta

                reset_vec                      000000  000003  000003         0       0  CODE        2
                intentry                       000004  0004FC  000500         8       0  CODE        2
                cstackBANK0                    000020  000028  000048        20       1  BANK0       1
                cstackCOMMON                   000070  00000C  00007C        70       1  COMMON      1
                strings                        000500  0000EE  0005EE       A00       0  STRING      2
                text1                          0005EE  000212  000800       BDC       0  CODE        2
                text17                         000E3D  00000B  000E48      1C7A       0  CODE        2
                text16                         000E48  000010  000E58      1C90       0  CODE        2
                text4                          000E58  000011  000E69      1CB0       0  CODE        2
                text5                          000E69  000015  000E7E      1CD2       0  CODE        2
                text14                         000E7E  00001E  000E9C      1CFC       0  CODE        2
                text12                         000E9C  000021  000EBD      1D38       0  CODE        2
                text8                          000EBD  000023  000EE0      1D7A       0  CODE        2
                text13                         000EE0  000028  000F08      1DC0       0  CODE        2
                text20                         000F08  000035  000F3D      1E10       0  CODE        2
                text6                          000F3D  00005B  000F98      1E7A       0  CODE        2
                text18                         000F98  000068  001000      1F30       0  CODE        2


UNUSED ADDRESS RANGES

        Name                Unused          Largest block    Delta
        BANK0            0048-006F             28           1
        BANK1            00A0-00EF             50           1
        BANK2            0110-016F             60           1
        BANK3            0190-01EF             60           1
        CODE             0003-0003              1           2
                         0800-0E3C            63D
                         1000-1FFF            800
        COMMON           007C-007D              2           1
        CONST            0003-0003              1           2
                         0800-0E3C            100
                         1000-1FFF            100
        EEDATA           2100-21FF            100           2
        ENTRY            0003-0003              1           2
                         0800-0E3C            100
                         1000-1FFF            100
        IDLOC            2000-2003              4           2
        RAM              0048-006F             28           1
                         00A0-00EF             50
                         0110-016F             60
                         0190-01EF             60
        SFR0             0000-001F             20           1
        SFR1             0080-009F             20           1
        SFR2             0100-010F             10           1
        SFR3             0180-018F             10           1
        STRCODE          0003-0003              1           2
                         0800-0E3C            63D
                         1000-1FFF           1000
        STRING           0003-0003              1           2
                         0800-0E3C            100
                         1000-1FFF            100

                                  Symbol Table

?___awdiv                        cstackCOMMON 0072
?___awmod                        cstackBANK0  0024
_GIE                             (abs)        005F
_PEIE                            (abs)        005E
_PORTD                           (abs)        0008
_PR2                             (abs)        0092
_RB0                             (abs)        0030
_RB1                             (abs)        0031
_RB2                             (abs)        0032
_RC1                             (abs)        0039
_RC2                             (abs)        003A
_RD0                             (abs)        0040
_RD1                             (abs)        0041
_RD2                             (abs)        0042
_RD3                             (abs)        0043
_RE1                             (abs)        0049
_RE2                             (abs)        004A
_T2CKPS0                         (abs)        0090
_T2CKPS1                         (abs)        0091
_TMR2IE                          (abs)        0461
_TMR2IF                          (abs)        0061
_TMR2ON                          (abs)        0092
_TRISB                           (abs)        0086
_TRISC1                          (abs)        0439
_TRISC2                          (abs)        043A
_TRISD                           (abs)        0088
_TRISE1                          (abs)        0449
_TRISE2                          (abs)        044A
__H__absolute__                  __absolute__ 0000
__Habs1                          abs1         0000
__Hbank0                         bank0        0000
__Hbank1                         bank1        0000
__Hbank2                         bank2        0000
__Hbank3                         bank3        0000
__HbssBANK0                      bssBANK0     0000
__HbssCOMMON                     bssCOMMON    0000
__Hcinit                         cinit        0034
__Hclrtext                       clrtext      0000
__Hcode                          code         0000
__Hcommon                        common       0000
__Hconfig                        config       2008
__HcstackBANK0                   cstackBANK0  0000
__HcstackCOMMON                  cstackCOMMON 0000
__HdataBANK0                     dataBANK0    0000
__HdataCOMMON                    dataCOMMON   0000
__Heeprom_data                   eeprom_data  0000
__Hend_init                      end_init     000F
__Hfunctab                       functab      0000
__Hheap                          heap         0000
__HidataBANK0                    idataBANK0   0000
__HidataCOMMON                   idataCOMMON  0000
__Hinit                          init         000C
__Hintentry                      intentry     000C
__Hmaintext                      maintext     0000
__Hpowerup                       powerup      0000
__Hram                           ram          0000
__Hreset_vec                     reset_vec    0003
__Hsfr0                          sfr0         0000
__Hsfr1                          sfr1         0000
__Hsfr2                          sfr2         0000
__Hsfr3                          sfr3         0000
__Hspace_0                       (abs)        1000
__Hspace_1                       (abs)        007C
__Hspace_2                       (abs)        0000
__Hspace_3                       (abs)        0000
__Hspace_4                       (abs)        400F
__Hstack                         stack        0000
__Hstrings                       strings      0000
__Htext                          text         0000
__L__absolute__                  __absolute__ 0000
__Labs1                          abs1         0000
__Lbank0                         bank0        0000
__Lbank1                         bank1        0000
__Lbank2                         bank2        0000
__Lbank3                         bank3        0000
__LbssBANK0                      bssBANK0     0000
__LbssCOMMON                     bssCOMMON    0000
__Lcinit                         cinit        000F
__Lclrtext                       clrtext      0000
__Lcode                          code         0000
__Lcommon                        common       0000
__Lconfig                        config       0000
__LcstackBANK0                   cstackBANK0  0000
__LcstackCOMMON                  cstackCOMMON 0000
__LdataBANK0                     dataBANK0    0000
__LdataCOMMON                    dataCOMMON   0000
__Leeprom_data                   eeprom_data  0000
__Lend_init                      end_init     000C
__Lfunctab                       functab      0000
__Lheap                          heap         0000
__LidataBANK0                    idataBANK0   0000
__LidataCOMMON                   idataCOMMON  0000
__Linit                          init         000C
__Lintentry                      intentry     0004
__Lmaintext                      maintext     0000
__Lpowerup                       powerup      0000
__Lram                           ram          0000
__Lreset_vec                     reset_vec    0000
__Lsfr0                          sfr0         0000
__Lsfr1                          sfr1         0000
__Lsfr2                          sfr2         0000
__Lsfr3                          sfr3         0000
__Lspace_0                       (abs)        0000
__Lspace_1                       (abs)        0000
__Lspace_2                       (abs)        0000
__Lspace_3                       (abs)        0000
__Lspace_4                       (abs)        0000
__Lstack                         stack        0000
__Lstrings                       strings      0000
__Ltext                          text         0000
__S0                             (abs)        1000
__S1                             (abs)        007C
__S3                             (abs)        0000
___awdiv                         text7        0452
___awdiv@counter                 cstackBANK0  0020
___awdiv@dividend                cstackCOMMON 0074
___awdiv@divisor                 cstackCOMMON 0072
___awdiv@quotient                cstackBANK0  0022
___awdiv@sign                    cstackBANK0  0021
___awmod                         text6        0F3D
___awmod@counter                 cstackCOMMON 0076
___awmod@dividend                cstackBANK0  0026
___awmod@divisor                 cstackBANK0  0024
___awmod@sign                    cstackCOMMON 0077
___bmul                          text5        0E69
___bmul@multiplicand             cstackCOMMON 0072
___bmul@multiplier               cstackCOMMON 0074
___bmul@product                  cstackCOMMON 0073
___heap_hi                       (abs)        0000
___heap_lo                       (abs)        0000
___int_sp                        stack        0000
___int_stack_hi                  stack        0000
___int_stack_lo                  stack        0000
___latbits                       (abs)        0002
___sp                            stack        0000
___stack_hi                      stack        0000
___stack_lo                      stack        0000
___stackhi                       (abs)        0000
___stacklo                       (abs)        0000
__end_of___awdiv                 text7        04BB
__end_of___awmod                 text6        0F98
__end_of___bmul                  text5        0E7E
__end_of__initialization         cinit        0030
__end_of__stringtab              strings      0506
__end_of_clcd_print              text13       0F08
__end_of_clcd_putch              text11       07FF
__end_of_clcd_write              text19       04F1
__end_of_clear_screen            text4        0E69
__end_of_init_clcd               text17       0E48
__end_of_init_config             text14       0E9C
__end_of_init_display_controller text18       1000
__end_of_init_matrix_keypad      text16       0E58
__end_of_init_timer2             text15       04FE
__end_of_isr                     text20       0F3D
__end_of_main                    maintext     02FD
__end_of_menu_display_screen     text12       0EBD
__end_of_power_on_screen         text10       07EC
__end_of_read_matrix_keypad      text8        0EE0
__end_of_scan_keypad             text9        0781
__end_of_set_temp                text2        01A6
__end_of_set_time                text3        0452
__end_of_time_display_screen     text1        06C1
__initialization                 cinit        000F
__pbssBANK0                      bssBANK0     0039
__pbssCOMMON                     bssCOMMON    0079
__pcstackBANK0                   cstackBANK0  0020
__pcstackCOMMON                  cstackCOMMON 0070
__pdataBANK0                     dataBANK0    0046
__pdataCOMMON                    dataCOMMON   007B
__pidataBANK0                    idataBANK0   04FE
__pidataCOMMON                   idataCOMMON  07FF
__pintentry                      intentry     0004
__pmaintext                      maintext     01A6
__pstrings                       strings      0500
__ptext1                         text1        05EE
__ptext10                        text10       0781
__ptext11                        text11       07EC
__ptext12                        text12       0E9C
__ptext13                        text13       0EE0
__ptext14                        text14       0E7E
__ptext15                        text15       04F1
__ptext16                        text16       0E48
__ptext17                        text17       0E3D
__ptext18                        text18       0F98
__ptext19                        text19       04BB
__ptext2                         text2        0034
__ptext20                        text20       0F08
__ptext3                         text3        02FD
__ptext4                         text4        0E58
__ptext5                         text5        0E69
__ptext6                         text6        0F3D
__ptext7                         text7        0452
__ptext8                         text8        0EBD
__ptext9                         text9        06C1
__stringbase                     strings      0505
__stringtab                      strings      0500
_clcd_print                      text13       0EE0
_clcd_putch                      text11       07EC
_clcd_write                      text19       04BB
_clear_screen                    text4        0E58
_flag                            bssBANK0     0043
_init_clcd                       text17       0E3D
_init_config                     text14       0E7E
_init_display_controller         text18       0F98
_init_matrix_keypad              text16       0E48
_init_timer2                     text15       04F1
_isr                             text20       0F08
_main                            maintext     01A6
_menu_display_screen             text12       0E9C
_min                             bssBANK0     0044
_nRBPU                           (abs)        040F
_operation_flag                  dataBANK0    0046
_power_on_screen                 text10       0781
_read_matrix_keypad              text8        0EBD
_scan_keypad                     text9        06C1
_sec                             bssBANK0     0045
_set_temp                        text2        0034
_set_time                        text3        02FD
_time_display_screen             text1        05EE
btemp                            (abs)        007E
clcd_print@addr                  cstackCOMMON 0076
clcd_print@str                   cstackCOMMON 0077
clcd_putch@addr                  cstackBANK0  0028
clcd_putch@data                  cstackCOMMON 0078
clcd_write@byte                  cstackCOMMON 0075
clcd_write@mode                  cstackCOMMON 0072
end_of_initialization            cinit        0030
interrupt_function               intentry     0004
intlevel0                        functab      0000
intlevel1                        functab      0000
intlevel2                        functab      0000
intlevel3                        functab      0000
intlevel4                        functab      0000
intlevel5                        functab      0000
isr@count                        bssCOMMON    0079
main@key                         cstackBANK0  0038
main@reset_flag                  cstackBANK0  0036
power_on_screen@i                cstackBANK0  002C
read_matrix_keypad@key           cstackCOMMON 0075
read_matrix_keypad@mode          cstackCOMMON 0074
read_matrix_keypad@once          dataCOMMON   007B
reset_vec                        reset_vec    0000
saved_w                          (abs)        007E
scan_keypad@i                    cstackCOMMON 0072
set_temp@blink                   bssBANK0     0041
set_temp@key                     cstackBANK0  0032
set_temp@key_count               bssBANK0     0042
set_temp@reset_flag              cstackBANK0  002E
set_temp@temp                    bssBANK0     0040
set_temp@wait                    bssBANK0     003B
set_time@blink                   bssBANK0     003D
set_time@blink_pos               bssBANK0     003E
set_time@key                     cstackBANK0  002D
set_time@key_count               bssBANK0     003F
set_time@reset_flag              cstackBANK0  0029
set_time@wait                    bssBANK0     0039
start                            init         000C
start_initialization             cinit        000F
wtemp0                           (abs)        007E


MODULE INFORMATION

Module		Function		Class		Link	Load	Size
timers.c
		_init_timer2   		CODE           	04F1	0000	13

timers.c estimated size: 13

C:\Program Files\Microchip\xc8\v2.45\pic\sources\c99\common\Umul8.c
		___bmul        		CODE           	0E69	0000	21

C:\Program Files\Microchip\xc8\v2.45\pic\sources\c99\common\Umul8.c estimated size: 21

matrix_keypad.c
		_init_matrix_keypad		CODE           	0E48	0000	16
		_read_matrix_keypad		CODE           	0EBD	0000	35
		_scan_keypad   		CODE           	06C1	0000	192

matrix_keypad.c estimated size: 243

C:\Program Files\Microchip\xc8\v2.45\pic\sources\c99\common\awmod.c
		___awmod       		CODE           	0F3D	0000	91

C:\Program Files\Microchip\xc8\v2.45\pic\sources\c99\common\awmod.c estimated size: 91

isr.c
		_isr           		CODE           	0F08	0000	53

isr.c estimated size: 53

shared
		__stringtab    		STRING         	0500	0000	6
		__initialization		CODE           	000F	0000	33

shared estimated size: 39

clcd.c
		_clcd_write    		CODE           	04BB	0000	54
		_clcd_print    		CODE           	0EE0	0000	40
		_clcd_putch    		CODE           	07EC	0000	19
		_init_display_controller		CODE           	0F98	0000	104
		_init_clcd     		CODE           	0E3D	0000	11

clcd.c estimated size: 228

main.c
		_time_display_screen		CODE           	05EE	0000	211
		_main          		CODE           	01A6	0000	343
		_set_temp      		CODE           	0034	0000	370
		_menu_display_screen		CODE           	0E9C	0000	33
		_clear_screen  		CODE           	0E58	0000	17
		_power_on_screen		CODE           	0781	0000	107
		_set_time      		CODE           	02FD	0000	341
		_init_config   		CODE           	0E7E	0000	30

main.c estimated size: 1452

C:\Program Files\Microchip\xc8\v2.45\pic\sources\c99\common\awdiv.c
		___awdiv       		CODE           	0452	0000	105

C:\Program Files\Microchip\xc8\v2.45\pic\sources\c99\common\awdiv.c estimated size: 105

